// Jest Snapshot v1, https://goo.gl/fbAQLP

exports[`components/templates/Home/Page.tsx 正常にrenderすること 1`] = `
<Memo(InputDateWrap)
  date="2020-01-01"
  onChangeDate={[MockFunction]}
>
  <Memo(SettingModal)
    isVisible={false}
    onClose={[MockFunction]}
  />
  <Memo(AddItemModal)
    date="2020-01-01"
    isVisible={false}
    loading={false}
    onAdd={[MockFunction]}
    onClose={[MockFunction]}
  />
  <Memo(GestureRecognizerWrap)
    date="2020-01-01"
    items={
      Array [
        Object {
          "categoryID": 9,
          "createdAt": "2021-01-01T00:00:00+09:00",
          "date": "2021-01-01T00:00:00+09:00",
          "dislike": false,
          "id": "1",
          "like": false,
          "title": "買い物",
          "updatedAt": "2021-01-01T00:00:00+09:00",
        },
        Object {
          "categoryID": 2,
          "createdAt": "2021-01-01T00:00:00+09:00",
          "date": "2021-01-01T00:00:00+09:00",
          "dislike": false,
          "id": "2",
          "like": false,
          "title": "本を読む",
          "updatedAt": "2021-01-01T00:00:00+09:00",
        },
        Object {
          "categoryID": 3,
          "createdAt": "2021-01-01T00:00:00+09:00",
          "date": "2021-01-02T00:00:00+09:00",
          "dislike": false,
          "id": "3",
          "like": false,
          "title": "公園に行った",
          "updatedAt": "2021-01-01T00:00:00+09:00",
        },
        Object {
          "categoryID": 4,
          "createdAt": "2021-01-01T00:00:00+09:00",
          "date": "2021-01-03T00:00:00+09:00",
          "dislike": false,
          "id": "4",
          "like": false,
          "title": "ジムに行った",
          "updatedAt": "2021-01-01T00:00:00+09:00",
        },
      ]
    }
    onChangeDate={[MockFunction]}
  >
    <Memo(Cards)
      addItemLoading={false}
      date="2020-01-01"
      items={
        Array [
          Object {
            "categoryID": 9,
            "createdAt": "2021-01-01T00:00:00+09:00",
            "date": "2021-01-01T00:00:00+09:00",
            "dislike": false,
            "id": "1",
            "like": false,
            "title": "買い物",
            "updatedAt": "2021-01-01T00:00:00+09:00",
          },
          Object {
            "categoryID": 2,
            "createdAt": "2021-01-01T00:00:00+09:00",
            "date": "2021-01-01T00:00:00+09:00",
            "dislike": false,
            "id": "2",
            "like": false,
            "title": "本を読む",
            "updatedAt": "2021-01-01T00:00:00+09:00",
          },
          Object {
            "categoryID": 3,
            "createdAt": "2021-01-01T00:00:00+09:00",
            "date": "2021-01-02T00:00:00+09:00",
            "dislike": false,
            "id": "3",
            "like": false,
            "title": "公園に行った",
            "updatedAt": "2021-01-01T00:00:00+09:00",
          },
          Object {
            "categoryID": 4,
            "createdAt": "2021-01-01T00:00:00+09:00",
            "date": "2021-01-03T00:00:00+09:00",
            "dislike": false,
            "id": "4",
            "like": false,
            "title": "ジムに行った",
            "updatedAt": "2021-01-01T00:00:00+09:00",
          },
        ]
      }
      loading={false}
      onAddItem={[MockFunction]}
      onItem={[MockFunction]}
    />
  </Memo(GestureRecognizerWrap)>
  <Memo(MemoirButton)
    onPress={[MockFunction]}
  />
</Memo(InputDateWrap)>
`;
