// Jest Snapshot v1, https://goo.gl/fbAQLP

exports[`components/organisms/AddShareUser/InputModal/Sent.tsx 正常にrenderすること 1`] = `
<View
  style={
    Object {
      "alignItems": "center",
      "paddingBottom": 8,
      "paddingTop": 16,
    }
  }
>
  <Text
    fontFamily="RobotoCondensed-Bold"
    textAlign="center"
    variants="body"
  >
    <Text
      color="primary"
      fontFamily="RobotoCondensed-Bold"
      variants="body"
    >
      test
    </Text>
     さんに共有の申請を
    

    送りました
  </Text>
</View>
`;
