// Jest Snapshot v1, https://goo.gl/fbAQLP

exports[`components/templates/Contact/Page.tsx 正常にrenderすること 1`] = `
<View
  style={
    Object {
      "backgroundColor": "#F2F2F2",
      "height": "100%",
      "paddingTop": 32,
    }
  }
>
  <View
    style={
      Object {
        "paddingHorizontal": 16,
        "paddingVertical": 4,
      }
    }
  >
    <Text
      color="secondaryLight"
      fontFamily="RobotoCondensed-Bold"
      size="sm"
      variants="body"
    >
      ユーザーID
    </Text>
  </View>
  <View
    style={
      Object {
        "backgroundColor": "#FFFFFF",
        "borderBottomWidth": 0.5,
        "borderColor": "#5E5166",
        "borderTopWidth": 0.5,
        "paddingHorizontal": 16,
        "paddingVertical": 16,
      }
    }
  >
    <ForwardRef
      onPress={[Function]}
    >
      <Text
        fontFamily="RobotoCondensed-Bold"
        size="sm"
        variants="body"
      >
        abc
      </Text>
    </ForwardRef>
  </View>
  <View
    pb={2}
    pt={4}
    style={
      Object {
        "paddingHorizontal": 16,
        "paddingVertical": 4,
      }
    }
  >
    <Text
      color="secondaryLight"
      fontFamily="RobotoCondensed-Bold"
      size="sm"
      variants="body"
    >
      コメント
    </Text>
  </View>
  <TextInput
    allowFontScaling={true}
    autoCapitalize="none"
    autoFocus={true}
    maxLength={300}
    multiline={true}
    onChangeText={[Function]}
    rejectResponderTermination={true}
    style={
      Object {
        "backgroundColor": "#FFFFFF",
        "borderBottomWidth": 0.5,
        "borderColor": "#5E5166",
        "borderTopWidth": 0.5,
        "color": "#362740",
        "fontWeight": "bold",
        "height": 250,
        "lineHeight": 20,
        "paddingBottom": 4,
        "paddingHorizontal": 16,
        "paddingTop": 8,
      }
    }
    underlineColorAndroid="transparent"
  />
  <View
    mx={2}
    style={
      Object {
        "alignItems": "center",
        "justifyContent": "center",
        "paddingVertical": 32,
      }
    }
  >
    <Button
      disabled={true}
      fontFamily="NotoSansJP-Bold"
      loading={false}
      onPress={[Function]}
      size="base"
      title="送信する"
      width={120}
    />
  </View>
</View>
`;
