// Jest Snapshot v1, https://goo.gl/fbAQLP

exports[`components/templates/Contact/Page.tsx 正常にrenderすること 1`] = `
<Fragment>
  <View
    style={
      Object {
        "backgroundColor": "#F2F2F2",
        "height": "100%",
        "paddingTop": 32,
      }
    }
  >
    <View
      pb={2}
      pt={0}
      style={
        Object {
          "paddingHorizontal": 16,
          "paddingVertical": 4,
        }
      }
    >
      <Text
        color="secondaryLight"
        fontFamily="RobotoCondensed-Bold"
        size="sm"
        variants="body"
      >
        コメント
      </Text>
    </View>
    <TextInput
      autoCapitalize="none"
      autoFocus={false}
      blurOnSubmit={false}
      maxLength={300}
      multiline={true}
      onChangeText={[MockFunction]}
      style={
        Object {
          "backgroundColor": "#FFFFFF",
          "borderBottomWidth": 0.5,
          "borderColor": "#5E5166",
          "borderTopWidth": 0.5,
          "color": "#362740",
          "fontWeight": "bold",
          "height": 250,
          "lineHeight": 20,
          "paddingBottom": 4,
          "paddingHorizontal": 16,
          "paddingTop": 8,
          "textAlignVertical": "top",
        }
      }
    />
  </View>
  <Modal
    buttonTitle="戻る"
    height={320}
    isVisible={false}
    onClose={[MockFunction]}
    onPress={[MockFunction]}
    title=""
  >
    <View
      style={
        Object {
          "alignItems": "center",
          "backgroundColor": "#FFFFFF",
          "justifyContent": "center",
          "width": "100%",
        }
      }
    >
      <Image
        height={100}
        resizeMode="contain"
        source={null}
        width={100}
      />
      <View
        pt={4}
      >
        <Text
          fontFamily="RobotoCondensed-Bold"
          textAlign="center"
          variants="body"
        >
          送信完了しました！
        </Text>
      </View>
    </View>
  </Modal>
</Fragment>
`;
