// Jest Snapshot v1, https://goo.gl/fbAQLP

exports[`components/pages/Setting/AddShareUser/Connected.tsx 正常にrenderすること 1`] = `
<Memo(Plain)
  creating={false}
  data={
    Object {
      "invite": Object {
        "code": "AABBCCDD",
        "userID": "1",
      },
    }
  }
  loading={false}
  onCreateInvite={[Function]}
  onSearchInviteCode={[Function]}
  onUpdateInvite={[Function]}
  requestUser={
    Object {
      "createdAt": "2021-01-01T00:00:00+09:00",
      "displayName": "test",
      "id": "1",
      "image": "",
      "updatedAt": "2021-01-01T00:00:00+09:00",
    }
  }
  requesting={false}
  updating={false}
  user={
    Object {
      "displayName": "test-name",
      "id": "test-id",
    }
  }
/>
`;
