// Jest Snapshot v1, https://goo.gl/fbAQLP

exports[`components/pages/Setting/AddShareUser/Plain.tsx 正常にrenderすること 1`] = `
<Memo(Page)
  creating={false}
  data={
    Object {
      "invite": Object {
        "code": "AABBCCDD",
        "userID": "1",
      },
    }
  }
  invite={
    Object {
      "code": "AABBCCDD",
      "userID": "1",
    }
  }
  loading={false}
  onCreateInvite={[MockFunction]}
  onSearchInviteCode={[MockFunction]}
  onUpdateInvite={[MockFunction]}
  requestUser={null}
  requesting={false}
  updating={false}
  user={
    Object {
      "createdAt": "2021-01-01T00:00:00+09:00",
      "displayName": "test",
      "id": "1",
      "image": "",
      "updatedAt": "2021-01-01T00:00:00+09:00",
      "userID": "",
    }
  }
/>
`;
