// Jest Snapshot v1, https://goo.gl/fbAQLP

exports[`components/organisms/RelationshipRequest/Card.tsx 正常にrenderすること 1`] = `
<Fragment>
  <View
    style={
      Object {
        "backgroundColor": "#F2F2F2",
        "flexDirection": "row",
        "paddingHorizontal": 4,
        "paddingVertical": 8,
        "width": "100%",
      }
    }
  >
    <View
      style={
        Object {
          "justifyContent": "center",
          "paddingLeft": 4,
          "width": "25%",
        }
      }
    >
      <Memo(UserImage)
        image=""
        size={80}
      />
    </View>
    <View
      style={
        Object {
          "paddingVertical": 8,
          "width": "75%",
        }
      }
    >
      <View
        style={
          Object {
            "flexDirection": "row",
            "justifyContent": "space-between",
            "paddingVertical": 4,
            "width": "100%",
          }
        }
      >
        <View>
          <Text
            fontFamily="RobotoCondensed-Bold"
            size="sm"
            textAlign="left"
            variants="body"
          >
            test
          </Text>
        </View>
        <View
          pr={3}
        >
          <Text
            fontFamily="RobotoCondensed-Bold"
            size="sm"
            textAlign="left"
            variants="body"
          >
            2日以上前
          </Text>
        </View>
      </View>
      <View
        my={2}
      >
        <Text
          fontFamily="RobotoCondensed-Bold"
          size="sm"
          variants="body"
        >
          共有メンバー申請が届いています
        </Text>
      </View>
      <View
        style={
          Object {
            "flexDirection": "row",
            "justifyContent": "space-between",
            "paddingVertical": 8,
            "width": 215,
          }
        }
      >
        <ForwardRef
          onPress={[MockFunction]}
        >
          <View
            style={
              Object {
                "alignItems": "center",
                "backgroundColor": "#E3C95D",
                "borderRadius": 25,
                "height": 38,
                "justifyContent": "center",
                "width": 90,
              }
            }
          >
            <Text
              fontFamily="RobotoCondensed-Bold"
              size="sm"
              variants="body"
            >
              承諾する
            </Text>
          </View>
        </ForwardRef>
        <ForwardRef
          onPress={[MockFunction]}
        >
          <View
            style={
              Object {
                "alignItems": "center",
                "backgroundColor": "#D8D7D6",
                "borderRadius": 25,
                "height": 38,
                "justifyContent": "center",
                "width": 90,
              }
            }
          >
            <Text
              fontFamily="RobotoCondensed-Bold"
              size="sm"
              variants="body"
            >
              削除
            </Text>
          </View>
        </ForwardRef>
      </View>
    </View>
  </View>
  <Divider />
</Fragment>
`;
