// Jest Snapshot v1, https://goo.gl/fbAQLP

exports[`components/organisms/RelationshipRequest/Notification.tsx 正常にrenderすること 1`] = `
<ForwardRef
  onPress={[MockFunction]}
>
  <View
    style={
      Object {
        "alignItems": "center",
        "backgroundColor": "#F9E281",
        "flexDirection": "row",
        "height": 60,
        "justifyContent": "space-between",
        "paddingHorizontal": 8,
        "width": "100%",
      }
    }
  >
    <View>
      <Image
        height={35}
        resizeMode="contain"
        source={null}
        width={35}
      />
    </View>
    <View>
      <Text
        fontFamily="RobotoCondensed-Bold"
        size="sm"
        variants="body"
      >
        招待申請が
        3
        件届いています
      </Text>
    </View>
    <View>
      <Icon
        allowFontScaling={false}
        name="chevron-right"
        size={30}
      />
    </View>
  </View>
</ForwardRef>
`;
