// Jest Snapshot v1, https://goo.gl/fbAQLP

exports[`components/atoms/Button/Button.tsx 正常にrenderすること 1`] = `
<TouchableOpacity
  onPress={[MockFunction]}
>
  <View
    style={
      Array [
        Object {
          "alignItems": "center",
          "backgroundColor": "#E3C95D",
          "justifyContent": "center",
        },
        Object {
          "borderRadius": 7,
          "height": 40,
          "paddingHorizontal": 16,
          "width": 100,
        },
      ]
    }
  >
    <Text
      color="secondary"
      fontFamily="NotoSansJP-Bold"
      fontWeight="bold"
      size="sm"
      textAlign="center"
      variants="body"
    >
      title
    </Text>
  </View>
</TouchableOpacity>
`;
