// Jest Snapshot v1, https://goo.gl/fbAQLP

exports[`components/molecules/User/Image.tsx 正常にrenderすること 1`] = `
<Fragment>
  <Image
    height={100}
    source={null}
    style={
      Object {
        "backgroundColor": "#FFFFFF",
        "borderRadius": 60,
      }
    }
    width={100}
  />
</Fragment>
`;
