// Jest Snapshot v1, https://goo.gl/fbAQLP

exports[`components/pages/Setting/RelationshipRequests/Connected.tsx 正常にrenderすること 1`] = `
<Memo(Plain)
  acceptRequesting={false}
  items={Array []}
  loading={false}
  ngRequesting={false}
  onLoadMore={[Function]}
  onNG={[Function]}
  onOK={[Function]}
  pageInfo={
    Object {
      "endCursor": "",
      "hasNextPage": false,
    }
  }
/>
`;
