// Jest Snapshot v1, https://goo.gl/fbAQLP

exports[`components/organisms/AddShareUser/InputModal.tsx 正常にrenderすること 1`] = `
<Modal
  buttonTitle="送信"
  disabledButton={true}
  height={320}
  isVisible={true}
  onClose={[Function]}
  onPress={[Function]}
  title="共有メンバー追加"
>
  <View
    px={3}
    py={2}
    style={
      Object {
        "alignItems": "center",
        "backgroundColor": "#FFFFFF",
        "justifyContent": "center",
        "width": "100%",
      }
    }
  >
    <View
      style={
        Object {
          "width": 320,
        }
      }
    >
      <Memo(Input)
        code=""
        onChange={[Function]}
      />
    </View>
  </View>
</Modal>
`;
