// Jest Snapshot v1, https://goo.gl/fbAQLP

exports[`components/organisms/AddShareUser/InviteCard.tsx 正常にrenderすること 1`] = `
<Fragment>
  <Memo(TutorialModal)
    isVisible={false}
    onClose={[Function]}
    onPress={[Function]}
  />
  <View
    style={
      Object {
        "alignItems": "center",
        "backgroundColor": "#FFFFFF",
        "borderColor": "#D8D7D6",
        "borderRadius": 25,
        "borderWidth": 0.5,
        "paddingVertical": 32,
      }
    }
  >
    <View
      style={
        Object {
          "width": 320,
        }
      }
    >
      <View
        style={
          Object {
            "alignItems": "center",
          }
        }
      >
        <Memo(UserImage)
          image=""
          size={80}
        />
        <View
          py={3}
        >
          <Text
            fontFamily="RobotoCondensed-Bold"
            size="sm"
            variants="body"
          >
            test
          </Text>
        </View>
      </View>
      <View>
        <View
          style={
            Object {
              "alignItems": "center",
              "paddingHorizontal": 64,
              "paddingTop": 16,
            }
          }
        >
          <View
            style={
              Object {
                "alignItems": "flex-end",
                "flexDirection": "row",
                "height": 50,
                "justifyContent": "space-around",
                "width": 200,
              }
            }
          >
            <View>
              <View
                mb={1}
              >
                <Text
                  color="baseDark"
                  fontFamily="RobotoCondensed-Bold"
                  size="sm"
                  textAlign="left"
                  variants="body"
                >
                  招待コード
                </Text>
              </View>
              <Text
                color="primary"
                fontFamily="RobotoCondensed-Bold"
                size="lg"
                textAlign="left"
                variants="body"
              >
                AA
                 
                BB
                 
                CC
                 
                DD
              </Text>
            </View>
            <View>
              <Memo(IconButton)
                color="#E3C95D"
                name="refresh"
                onPress={[MockFunction]}
                outline={true}
                size="sm"
              />
            </View>
          </View>
        </View>
        <View
          pt={4}
        >
          <Button
            fontFamily="NotoSansJP-Bold"
            onPress={[Function]}
            size="base"
            title="招待コードをコピー"
          />
        </View>
      </View>
    </View>
  </View>
</Fragment>
`;
