// Jest Snapshot v1, https://goo.gl/fbAQLP

exports[`components/organisms/AddShareUser/TutorialModal.tsx 正常にrenderすること 1`] = `
<Modal
  buttonTitle="招待コードを作成する"
  height={320}
  isVisible={true}
  onClose={[MockFunction]}
  onPress={[MockFunction]}
  title="招待コードを作成する"
>
  <View
    style={
      Object {
        "backgroundColor": "#FFFFFF",
        "width": "100%",
      }
    }
  >
    <Text
      fontFamily="RobotoCondensed-Bold"
      lineHeight={24}
      variants="body"
    >
      招待コードを作成して、達成したタスクをフレンドと共有しよう。
      


      招待コードを入力することで共有メンバーになれます。フレンドと一緒に一週間を振り返ろう！
    </Text>
  </View>
</Modal>
`;
