// Jest Snapshot v1, https://goo.gl/fbAQLP

exports[`components/templates/Setting/AddShareUser/Page.tsx 正常にrenderすること 1`] = `
<Fragment>
  <Memo(InputModal)
    isVisible={false}
    onClose={[Function]}
  />
  <View
    style={
      Object {
        "alignItems": "center",
        "backgroundColor": "#F2F2F2",
        "height": "100%",
        "marginTop": 16,
      }
    }
  >
    <View
      style={
        Object {
          "marginBottom": 32,
          "width": "90%",
        }
      }
    >
      <Memo(InviteCard)
        creating={false}
        invite={
          Object {
            "code": "AABBCCDD",
            "userID": "1",
          }
        }
        loading={false}
        onCreateInvite={[MockFunction]}
        onUpdateInvite={[MockFunction]}
        updating={false}
        user={
          Object {
            "createdAt": "2021-01-01T00:00:00+09:00",
            "displayName": "test",
            "id": "1",
            "image": "",
            "updatedAt": "2021-01-01T00:00:00+09:00",
          }
        }
      />
    </View>
    <View
      style={
        Object {
          "marginBottom": 32,
          "width": "90%",
        }
      }
    >
      <Memo(InputInvite)
        onOpen={[Function]}
      />
    </View>
  </View>
</Fragment>
`;
