// Jest Snapshot v1, https://goo.gl/fbAQLP

exports[`components/templates/Maintenance/Page.tsx 正常にrenderすること 1`] = `
<View
  style={
    Object {
      "alignItems": "center",
      "backgroundColor": "#F2F2F2",
      "height": "100%",
    }
  }
>
  <View
    py={5}
  >
    <Text
      fontFamily="RobotoCondensed-Bold"
      textAlign="center"
      variants="body"
    >
      ただいまメンテンナンス中です。
    </Text>
  </View>
  <View
    px={3}
  >
    <Text
      color="secondaryLight"
      fontFamily="RobotoCondensed-Bold"
      lineHeight={36}
      textAlign="center"
      variants="body"
    >
      【メンテンナンス日程】
    </Text>
    <Text
      color="error"
      fontFamily="RobotoCondensed-Bold"
      textAlign="center"
      variants="body"
    >
      2021年1月1日 10:00〜12:00
    </Text>
  </View>
  <View
    pt={4}
    px={3}
  >
    <Text
      color="secondaryLight"
      fontFamily="RobotoCondensed-Bold"
      variants="small"
    >
      システムメンテナンス終了まで、もうしばらくお待ち下さい。
    </Text>
  </View>
</View>
`;
