// Jest Snapshot v1, https://goo.gl/fbAQLP

exports[`components/organisms/Login/Form.tsx 正常にrenderすること 1`] = `
<Fragment>
  <AppleAuthenticationButton
    buttonStyle={2}
    buttonType={0}
    cornerRadius={5}
    onPress={[MockFunction]}
    style={
      Object {
        "height": 55,
        "width": 250,
      }
    }
  />
</Fragment>
`;
