// Jest Snapshot v1, https://goo.gl/fbAQLP

exports[`components/organisms/MyPage/Authenticated.tsx 正常にrenderすること 1`] = `
<View
  style={
    Object {
      "alignItems": "center",
      "backgroundColor": "#F2F2F2",
      "height": "100%",
    }
  }
>
  <View
    mt={4}
  >
    <Memo(UserImage)
      image=""
    />
  </View>
  <View
    m={4}
  >
    <ForwardRef
      onPress={[MockFunction]}
    >
      <View
        style={
          Object {
            "alignItems": "center",
            "flexDirection": "row",
            "justifyContent": "center",
          }
        }
      >
        <Text
          fontFamily="RobotoCondensed-Bold"
          variants="body"
        >
          test
        </Text>
        <Icon
          allowFontScaling={false}
          color="#362740"
          name="chevron-right"
          size={23}
        />
      </View>
    </ForwardRef>
  </View>
  <View
    mt={5}
  >
    <ForwardRef
      onPress={[MockFunction]}
    >
      <View
        style={
          Object {
            "alignItems": "center",
            "backgroundColor": "#E3C95D",
            "borderRadius": 25,
            "justifyContent": "center",
            "paddingVertical": 16,
            "width": 200,
          }
        }
      >
        <Text
          fontFamily="RobotoCondensed-Bold"
          variants="body"
        >
          ログアウト
        </Text>
      </View>
    </ForwardRef>
  </View>
</View>
`;
