// Jest Snapshot v1, https://goo.gl/fbAQLP

exports[`components/organisms/MyPage/Authenticated.tsx 正常にrenderすること 1`] = `
<View
  style={
    Object {
      "backgroundColor": "#F2F2F2",
      "height": "100%",
    }
  }
>
  <View
    style={
      Object {
        "alignItems": "center",
        "width": "100%",
      }
    }
  >
    <View
      mt={4}
    >
      <TouchableOpacity
        onPress={[MockFunction]}
      >
        <Memo(UserImage)
          image=""
        />
      </TouchableOpacity>
    </View>
    <View
      m={4}
    >
      <TouchableOpacity
        onPress={[MockFunction]}
      >
        <View
          style={
            Object {
              "alignItems": "center",
              "flexDirection": "row",
              "justifyContent": "center",
            }
          }
        >
          <Text
            fontFamily="RobotoCondensed-Bold"
            variants="body"
          >
            test
          </Text>
          <Icon
            allowFontScaling={false}
            color="#362740"
            name="chevron-right"
            size={23}
          />
        </View>
      </TouchableOpacity>
    </View>
  </View>
  <View>
    <View
      style={
        Object {
          "alignItems": "center",
          "flexDirection": "row",
        }
      }
    >
      <View
        style={
          Object {
            "backgroundColor": "#D8D7D6",
            "height": 1,
            "marginHorizontal": 16,
            "width": "25%",
          }
        }
      />
      <View>
        <Text
          fontFamily="RobotoCondensed-Bold"
          variants="middle"
        >
          共有メンバー
        </Text>
      </View>
      <View
        style={
          Object {
            "backgroundColor": "#D8D7D6",
            "height": 1,
            "marginHorizontal": 16,
            "width": "25%",
          }
        }
      />
    </View>
  </View>
  <View
    mb={2}
    mt={3}
  >
    <Memo(Notification)
      count={3}
      onPress={[MockFunction]}
    />
  </View>
  <Memo(List)
    deleting={false}
    onAdd={[MockFunction]}
    onDeleteRelationship={[MockFunction]}
    relationships={
      Array [
        Object {
          "createdAt": "2021-01-01T00:00:00+09:00",
          "followedId": "test",
          "followerId": "test",
          "id": "1",
          "updatedAt": "2021-01-01T00:00:00+09:00",
          "user": Object {
            "createdAt": "2021-01-01T00:00:00+09:00",
            "displayName": "test",
            "id": "1",
            "image": "",
            "updatedAt": "2021-01-01T00:00:00+09:00",
          },
        },
        Object {
          "createdAt": "2021-01-01T00:00:00+09:00",
          "followedId": "test",
          "followerId": "test",
          "id": "2",
          "updatedAt": "2021-01-01T00:00:00+09:00",
          "user": Object {
            "createdAt": "2021-01-01T00:00:00+09:00",
            "displayName": "test",
            "id": "1",
            "image": "",
            "updatedAt": "2021-01-01T00:00:00+09:00",
          },
        },
        Object {
          "createdAt": "2021-01-01T00:00:00+09:00",
          "followedId": "test",
          "followerId": "test",
          "id": "3",
          "updatedAt": "2021-01-01T00:00:00+09:00",
          "user": Object {
            "createdAt": "2021-01-01T00:00:00+09:00",
            "displayName": "test",
            "id": "1",
            "image": "",
            "updatedAt": "2021-01-01T00:00:00+09:00",
          },
        },
        Object {
          "createdAt": "2021-01-01T00:00:00+09:00",
          "followedId": "test",
          "followerId": "test",
          "id": "4",
          "updatedAt": "2021-01-01T00:00:00+09:00",
          "user": Object {
            "createdAt": "2021-01-01T00:00:00+09:00",
            "displayName": "test",
            "id": "1",
            "image": "",
            "updatedAt": "2021-01-01T00:00:00+09:00",
          },
        },
      ]
    }
  />
  <View
    mt={5}
    style={
      Object {
        "alignItems": "center",
      }
    }
  >
    <TouchableOpacity
      onPress={[MockFunction]}
    >
      <View
        style={
          Object {
            "alignItems": "center",
            "backgroundColor": "#E3C95D",
            "borderRadius": 25,
            "justifyContent": "center",
            "paddingVertical": 16,
            "width": 200,
          }
        }
      >
        <Text
          fontFamily="RobotoCondensed-Bold"
          variants="body"
        >
          ログアウト
        </Text>
      </View>
    </TouchableOpacity>
  </View>
</View>
`;
