// Jest Snapshot v1, https://goo.gl/fbAQLP

exports[`components/organisms/Intro/Notification.tsx 正常にrenderすること 1`] = `
<ForwardRef
  style={
    Object {
      "backgroundColor": "#E3C95D",
    }
  }
>
  <ExpoStatusBar
    backgroundColor="#E3C95D"
    style="dark"
  />
  <View
    style={
      Object {
        "alignItems": "center",
        "backgroundColor": "#E3C95D",
        "height": 50,
        "justifyContent": "center",
      }
    }
  >
    <Text
      fontFamily="RobotoCondensed-Bold"
      textAlign="center"
      variants="body"
    >
      初期設定
    </Text>
  </View>
  <View
    style={
      Object {
        "alignItems": "center",
        "backgroundColor": "#F2F2F2",
        "height": "100%",
      }
    }
  >
    <View
      style={
        Object {
          "paddingVertical": 16,
        }
      }
    >
      <View>
        <View>
          <Text
            fontFamily="RobotoCondensed-Bold"
            textAlign="center"
            variants="body"
          >
            いつ、ふりかえりますか？
          </Text>
        </View>
        <Memo(Input)
          dayOfWeek={1}
          onChangeDayOfWeek={[Function]}
          onChangeTime={[Function]}
          time={1899-12-31T15:00:00.000Z}
        />
      </View>
      <Memo(Notification)
        push={0}
        setPush={[Function]}
      />
      <View
        p={3}
        style={
          Object {
            "alignItems": "center",
            "justifyContent": "center",
            "marginBottom": 16,
            "marginTop": 128,
          }
        }
      >
        <Button
          fontFamily="NotoSansJP-Bold"
          onPress={[Function]}
          size="base"
          title="次へ"
          width={200}
        />
      </View>
    </View>
  </View>
</ForwardRef>
`;
