// Jest Snapshot v1, https://goo.gl/fbAQLP

exports[`components/templates/UpdateProfile/Page.tsx 正常にrenderすること 1`] = `
<View
  style={
    Object {
      "alignItems": "center",
      "backgroundColor": "#F2F2F2",
      "height": "100%",
    }
  }
>
  <FocusAwareStatusBar
    backgroundColor="#E3C95D"
    style="light"
  />
  <ConnectedActionSheet
    authenticated={true}
    image=""
    onChangeImage={[Function]}
  />
  <View
    style={
      Object {
        "justifyContent": "center",
        "padding": 32,
        "width": "100%",
      }
    }
  >
    <TextInput
      defaultValue="test-name"
      maxLength={15}
      onChangeText={[Function]}
      placeholder="表示名"
      returnKeyType="done"
      style={
        Object {
          "fontSize": 36,
          "textAlign": "center",
        }
      }
    />
    <View
      my={3}
    >
      <Text
        fontFamily="RobotoCondensed-Bold"
        size="sm"
        textAlign="center"
        variants="body"
      >
        表示名を入力してください
      </Text>
    </View>
  </View>
  <View
    mb={3}
    mt={6}
  >
    <Button
      disabled={false}
      fontFamily="NotoSansJP-Bold"
      loading={false}
      onPress={[Function]}
      size="lg"
      title="保存"
      width={200}
    />
  </View>
</View>
`;
