// Jest Snapshot v1, https://goo.gl/fbAQLP

exports[`components/molecules/Intro/Card.tsx 正常にrenderすること 1`] = `
<ImageBackground
  resizeMode="cover"
  source={null}
  style={
    Object {
      "flex": 1,
      "justifyContent": "center",
      "position": "relative",
    }
  }
>
  <View
    style={
      Object {
        "alignItems": "center",
        "height": "50%",
      }
    }
  >
    <View>
      <Image
        height={95}
        resizeMode="contain"
        source={null}
        width={95}
      />
    </View>
    <View
      mt={4}
    >
      <Text
        fontFamily="NotoSansJP-Bold"
        lineHeight={50}
        textAlign="center"
        variants="large"
      >
        記録する
ふりかえる
共有する
      </Text>
    </View>
    <View
      mt={4}
    >
      <TouchableWithoutFeedback
        onPress={[MockFunction]}
      >
        <View
          style={
            Object {
              "backgroundColor": "#F2F2F2",
              "paddingVertical": 16,
              "width": 180,
            }
          }
        >
          <Text
            fontFamily="RobotoCondensed-Bold"
            fontWeight="bold"
            textAlign="center"
            variants="body"
          >
            次へ
          </Text>
        </View>
      </TouchableWithoutFeedback>
    </View>
  </View>
</ImageBackground>
`;
