// Jest Snapshot v1, https://goo.gl/fbAQLP

exports[`components/templates/Setting/Memoir/Page.tsx 正常にrenderすること 1`] = `
<View
  style={
    Object {
      "alignItems": "center",
      "backgroundColor": "#F2F2F2",
      "height": "100%",
      "width": "100%",
    }
  }
>
  <ScrollView>
    <View
      style={
        Object {
          "paddingVertical": 16,
        }
      }
    >
      <View>
        <View>
          <Text
            fontFamily="RobotoCondensed-Bold"
            textAlign="center"
            variants="body"
          >
            いつ、ふりかえりますか？
          </Text>
        </View>
        <Memo(Input)
          dayOfWeek={1}
          onChangeDayOfWeek={[Function]}
          onChangeTime={[Function]}
          time={1899-12-31T15:00:00.000Z}
        />
      </View>
      <Memo(Notification)
        push={0}
        setPush={[Function]}
      />
      <View
        p={3}
        style={
          Object {
            "alignItems": "center",
            "justifyContent": "center",
            "marginBottom": 16,
            "marginTop": 128,
          }
        }
      >
        <Button
          fontFamily="NotoSansJP-Bold"
          onPress={[Function]}
          size="base"
          title="保存"
          width={200}
        />
      </View>
    </View>
  </ScrollView>
</View>
`;
