// Jest Snapshot v1, https://goo.gl/fbAQLP

exports[`components/organisms/Modal/Modal.tsx 正常にrenderすること 1`] = `
<ReactNativeModal
  animationIn="fadeInDown"
  animationInTiming={300}
  animationOut="fadeOutUp"
  animationOutTiming={300}
  avoidKeyboard={false}
  backdropColor="black"
  backdropOpacity={0.7}
  backdropTransitionInTiming={300}
  backdropTransitionOutTiming={300}
  coverScreen={true}
  customBackdrop={null}
  deviceHeight={null}
  deviceWidth={null}
  hasBackdrop={true}
  hideModalContentWhileAnimating={false}
  isVisible={true}
  onBackButtonPress={[Function]}
  onBackdropPress={[MockFunction]}
  onModalHide={[Function]}
  onModalShow={[Function]}
  onModalWillHide={[Function]}
  onModalWillShow={[Function]}
  panResponderThreshold={4}
  propagateSwipe={false}
  scrollHorizontal={false}
  scrollOffset={0}
  scrollOffsetMax={0}
  scrollTo={null}
  statusBarTranslucent={false}
  supportedOrientations={
    Array [
      "portrait",
      "landscape",
    ]
  }
  swipeThreshold={100}
  useNativeDriver={false}
>
  <View
    style={
      Array [
        Object {
          "backgroundColor": "#FFFFFF",
          "borderRadius": 30,
          "height": "80%",
          "position": "relative",
          "width": "100%",
        },
        Object {
          "height": 100,
        },
      ]
    }
  >
    <View
      p={3}
      style={
        Object {
          "alignItems": "center",
        }
      }
    >
      <View
        style={
          Object {
            "left": 16,
            "position": "absolute",
            "top": 16,
          }
        }
      >
        <Memo(IconButton)
          name="close"
          onPress={[MockFunction]}
        />
      </View>
      <View
        style={
          Object {
            "flexDirection": "row",
          }
        }
      >
        <View>
          <Text
            fontFamily="RobotoCondensed-Bold"
            textAlign="center"
            variants="middle"
          >
            title
          </Text>
        </View>
      </View>
    </View>
    <ScrollView
      keyboardShouldPersistTaps="always"
      removeClippedSubviews={true}
    >
      <View
        px={3}
      >
        <div>
          children
        </div>
      </View>
    </ScrollView>
    <View
      mb={3}
      mx={3}
    >
      <Button
        disabled={false}
        fontFamily="NotoSansJP-Bold"
        loading={false}
        onPress={[Function]}
        size="lg"
        title="buttonTitle"
      />
    </View>
  </View>
</ReactNativeModal>
`;
