// Jest Snapshot v1, https://goo.gl/fbAQLP

exports[`components/pages/Search/Plain.tsx 正常にrenderすること 1`] = `
<Memo(Page)
  onSearch={[MockFunction]}
  users={
    Array [
      Object {
        "createdAt": "2021-01-01T00:00:00+09:00",
        "displayName": "suzuki1",
        "id": "test1",
        "image": "https://placehold.jp/150x150.png",
        "updatedAt": "2021-01-01T00:00:00+09:00",
      },
      Object {
        "createdAt": "2021-01-01T00:00:00+09:00",
        "displayName": "suzuki2",
        "id": "test2",
        "image": "https://placehold.jp/150x150.png",
        "updatedAt": "2021-01-01T00:00:00+09:00",
      },
      Object {
        "createdAt": "2021-01-01T00:00:00+09:00",
        "displayName": "suzuki4",
        "id": "test3",
        "image": "https://placehold.jp/150x150.png",
        "updatedAt": "2021-01-01T00:00:00+09:00",
      },
      Object {
        "createdAt": "2021-01-01T00:00:00+09:00",
        "displayName": "suzuki4",
        "id": "test4",
        "image": "https://placehold.jp/150x150.png",
        "updatedAt": "2021-01-01T00:00:00+09:00",
      },
      Object {
        "createdAt": "2021-01-01T00:00:00+09:00",
        "displayName": "suzuki5",
        "id": "test5",
        "image": "https://placehold.jp/150x150.png",
        "updatedAt": "2021-01-01T00:00:00+09:00",
      },
    ]
  }
/>
`;
