// Jest Snapshot v1, https://goo.gl/fbAQLP

exports[`components/templates/Setting/AcceptedRelationship/Page.tsx 正常にrenderすること 1`] = `
<View
  style={
    Object {
      "alignItems": "center",
      "backgroundColor": "#F2F2F2",
      "height": "100%",
      "justifyContent": "center",
      "width": "100%",
    }
  }
>
  <ScrollView>
    <View
      style={
        Object {
          "alignItems": "center",
          "height": "100%",
          "justifyContent": "center",
          "width": "100%",
        }
      }
    >
      <View
        style={
          Object {
            "alignItems": "center",
            "flexDirection": "row",
            "paddingTop": 32,
          }
        }
      >
        <View>
          <Memo(UserImage)
            image=""
            size={100}
          />
        </View>
        <View
          mx={3}
        >
          <Text
            fontFamily="RobotoCondensed-Bold"
            size="xl2"
            textAlign="center"
            variants="body"
          >
            ＋
          </Text>
        </View>
        <View>
          <Memo(UserImage)
            image=""
            size={100}
          />
        </View>
      </View>
      <View
        m={4}
      >
        <Image
          height={100}
          source={null}
          width={100}
        />
      </View>
      <View>
        <Text
          fontFamily="RobotoCondensed-Bold"
          size="lg"
          textAlign="center"
          variants="body"
        >
          共有メンバーに
          

          なりました！
        </Text>
      </View>
      <View
        mt={5}
      >
        <Button
          fontFamily="NotoSansJP-Bold"
          onPress={[Function]}
          size="base"
          title="一覧に戻る"
          width={200}
        />
      </View>
    </View>
  </ScrollView>
</View>
`;
