// Jest Snapshot v1, https://goo.gl/fbAQLP

exports[`components/organisms/Categories/Categories.tsx 正常にrenderすること 1`] = `
<Fragment>
  <View
    style={
      Object {
        "alignItems": "center",
        "flexDirection": "row",
        "justifyContent": "space-between",
      }
    }
  >
    <View
      key="1"
      my={1}
    >
      <Memo(CategoryButton)
        categoryID={1}
        onPress={[Function]}
        selected={true}
      />
    </View>
    <View
      key="10"
      my={1}
    >
      <Memo(CategoryButton)
        categoryID={10}
        onPress={[Function]}
        selected={false}
      />
    </View>
    <View
      key="4"
      my={1}
    >
      <Memo(CategoryButton)
        categoryID={4}
        onPress={[Function]}
        selected={false}
      />
    </View>
  </View>
  <View
    style={
      Object {
        "alignItems": "center",
        "flexDirection": "row",
        "justifyContent": "space-between",
      }
    }
  >
    <View
      key="3"
      my={1}
    >
      <Memo(CategoryButton)
        categoryID={3}
        onPress={[Function]}
        selected={false}
      />
    </View>
    <View
      key="2"
      my={1}
    >
      <Memo(CategoryButton)
        categoryID={2}
        onPress={[Function]}
        selected={false}
      />
    </View>
    <View
      key="5"
      my={1}
    >
      <Memo(CategoryButton)
        categoryID={5}
        onPress={[Function]}
        selected={false}
      />
    </View>
  </View>
  <View
    style={
      Object {
        "alignItems": "center",
        "flexDirection": "row",
        "justifyContent": "space-between",
      }
    }
  >
    <View
      key="13"
      my={1}
    >
      <Memo(CategoryButton)
        categoryID={13}
        onPress={[Function]}
        selected={false}
      />
    </View>
    <View
      key="6"
      my={1}
    >
      <Memo(CategoryButton)
        categoryID={6}
        onPress={[Function]}
        selected={false}
      />
    </View>
    <View
      key="12"
      my={1}
    >
      <Memo(CategoryButton)
        categoryID={12}
        onPress={[Function]}
        selected={false}
      />
    </View>
  </View>
</Fragment>
`;
