// Jest Snapshot v1, https://goo.gl/fbAQLP

exports[`components/organisms/Card/Card.tsx 正常にrenderすること 1`] = `
<TouchableOpacity
  onPress={[MockFunction]}
>
  <View
    style={
      Array [
        Object {
          "height": 95,
        },
        Object {
          "alignItems": "center",
          "backgroundColor": "#FFFFFF",
          "borderLeftWidth": 5,
          "flexDirection": "row",
        },
        Object {
          "borderLeftColor": "#FFE600",
        },
      ]
    }
  >
    <View
      mx={2}
    >
      <Memo(Category)
        categoryID={9}
      />
    </View>
    <View>
      <View
        style={
          Array [
            Object {
              "paddingLeft": 2,
            },
            Object {
              "height": 60,
              "justifyContent": "flex-end",
              "width": 630,
            },
          ]
        }
      >
        <Text
          ellipsizeMode="tail"
          fontFamily="RobotoCondensed-Bold"
          lineHeight={25}
          numberOfLines={2}
          variants="body"
        >
          買い物
        </Text>
      </View>
      <View
        style={
          Object {
            "alignItems": "center",
            "flexDirection": "row",
            "paddingVertical": 8,
          }
        }
      >
        <Image
          height={20}
          source={null}
          width={20}
        />
        <View
          pl={2}
        >
          <Text
            fontFamily="RobotoCondensed-Bold"
            variants="small"
          >
            name
          </Text>
        </View>
      </View>
    </View>
  </View>
</TouchableOpacity>
`;
