// Jest Snapshot v1, https://goo.gl/fbAQLP

exports[`components/pages/Setting/Memoir/Connected.tsx 正常にrenderすること 1`] = `
<Memo(Plain)
  data={
    Object {
      "dayOfWeek": 6,
      "hours": 11,
      "minutes": 45,
      "notification": false,
    }
  }
  loading={true}
  onSave={[Function]}
/>
`;
